// Vitest Snapshot v1, https://vitest.dev/guide/snapshot.html

exports[`ErrorPage > matches snapshot 1`] = `
"<div data-v-f0df1a7e="" class="min-h-screen bg-gray-50 flex items-center justify-center p-4">
  <div data-v-f0df1a7e="" class="max-w-md w-full">
    <!-- Error Icon -->
    <div data-v-f0df1a7e="" class="text-center mb-8">
      <div data-v-f0df1a7e="" class="w-20 h-20 mx-auto mb-4 rounded-full bg-red-100 flex items-center justify-center"><svg data-v-f0df1a7e="" class="w-10 h-10 text-red-600" fill="none" stroke="currentColor" viewBox="0 0 24 24">
          <path data-v-f0df1a7e="" stroke-linecap="round" stroke-linejoin="round" stroke-width="2" d="M12 9v2m0 4h.01m-6.938 4h13.856c1.54 0 2.502-1.667 1.732-2.5L13.732 4c-.77-.833-1.732-.833-2.5 0L4.314 16.5c-.77.833.192 2.5 1.732 2.5z"></path>
        </svg></div>
      <h1 data-v-f0df1a7e="" class="text-2xl font-bold text-gray-900 mb-2">Verbindungsfehler</h1>
      <p data-v-f0df1a7e="" class="text-gray-600">Ein unerwarteter Fehler ist aufgetreten. Bitte versuchen Sie es erneut.</p>
    </div><!-- Error Details -->
    <div data-v-f0df1a7e="" class="bg-white rounded-lg border border-red-200 p-6 mb-6">
      <div data-v-f0df1a7e="" class="space-y-4">
        <!-- Status -->
        <div data-v-f0df1a7e="" class="flex items-center justify-between"><span data-v-f0df1a7e="" class="text-sm font-medium text-gray-700">Status:</span><span data-v-f0df1a7e="" class="inline-flex items-center px-2.5 py-0.5 rounded-full text-xs font-medium bg-red-100 text-red-800">Service nicht erreichbar</span></div><!-- Last Attempt -->
        <div data-v-f0df1a7e="" class="flex items-center justify-between"><span data-v-f0df1a7e="" class="text-sm font-medium text-gray-700">Letzter Versuch:</span><span data-v-f0df1a7e="" class="text-sm text-gray-600">20:29:05</span></div><!-- Error Code -->
        <!--v-if-->
      </div>
    </div><!-- Action Buttons -->
    <div data-v-f0df1a7e="" class="space-y-3">
      <!-- Retry Button --><button data-v-f0df1a7e="" class="w-full flex items-center justify-center px-4 py-3 border border-transparent rounded-lg shadow-sm text-sm font-medium text-white bg-blue-600 hover:bg-blue-700 focus:outline-none focus:ring-2 focus:ring-offset-2 focus:ring-blue-500 disabled:opacity-50 disabled:cursor-not-allowed transition-colors">
        <!--v-if--> Erneut versuchen
      </button><!-- Refresh Page --><button data-v-f0df1a7e="" class="w-full flex items-center justify-center px-4 py-3 border border-gray-300 rounded-lg shadow-sm text-sm font-medium text-gray-700 bg-white hover:bg-gray-50 focus:outline-none focus:ring-2 focus:ring-offset-2 focus:ring-blue-500 transition-colors"><svg data-v-f0df1a7e="" class="w-4 h-4 mr-2" fill="none" stroke="currentColor" viewBox="0 0 24 24">
          <path data-v-f0df1a7e="" stroke-linecap="round" stroke-linejoin="round" stroke-width="2" d="M4 4v5h.582m15.356 2A8.001 8.001 0 004.582 9m0 0H9m11 11v-5h-.581m0 0a8.003 8.003 0 01-15.357-2m15.357 2H15"></path>
        </svg> Seite neu laden</button>
    </div><!-- Help Section -->
    <div data-v-f0df1a7e="" class="mt-8 text-center">
      <div data-v-f0df1a7e="" class="text-sm text-gray-600 space-y-2">
        <p data-v-f0df1a7e=""><strong data-v-f0df1a7e="">Mögliche Ursachen:</strong></p>
        <ul data-v-f0df1a7e="" class="text-left space-y-1 text-xs">
          <li data-v-f0df1a7e="">• Keine Internetverbindung</li>
          <li data-v-f0df1a7e="">• Server ist temporär nicht verfügbar</li>
          <li data-v-f0df1a7e="">• Wartungsarbeiten laufen</li>
          <li data-v-f0df1a7e="">• Firewall blockiert die Verbindung</li>
        </ul>
      </div><!-- Contact Support -->
      <div data-v-f0df1a7e="" class="mt-6 pt-6 border-t border-gray-200">
        <p data-v-f0df1a7e="" class="text-xs text-gray-500 mb-2">Problem besteht weiterhin?</p><a data-v-f0df1a7e="" href="mailto:support@fastingtracker.com" class="text-xs text-blue-600 hover:text-blue-500 underline">Support kontaktieren</a>
      </div>
    </div>
  </div>
</div>"
`;
